---
source: crates/bioforge_lexer/src/lib.rs
assertion_line: 338
expression: token_names
---
[
    "keyword 'experiment'",
    "identifier",
    "'{'",
    "keyword 'protein'",
    "identifier",
    "'='",
    "identifier",
    "'('",
    "string literal",
    "')'",
    "keyword 'ligand'",
    "identifier",
    "'='",
    "identifier",
    "'('",
    "string literal",
    "')'",
    "keyword 'environment'",
    "'{'",
    "identifier",
    "'='",
    "integer literal",
    "identifier",
    "identifier",
    "'='",
    "float literal",
    "'}'",
    "keyword 'simulate'",
    "'{'",
    "identifier",
    "'='",
    "integer literal",
    "identifier",
    "identifier",
    "'='",
    "integer literal",
    "identifier",
    "'}'",
    "'}'",
]
